// Vitest Snapshot v1, https://vitest.dev/guide/snapshot.html

exports[`applyTemplate > not found 1`] = `[]`;
