// Vitest Snapshot v1, https://vitest.dev/guide/snapshot.html

exports[`filters > getCssFilter with correct blur 1`] = `"blur(0.2em)"`;

exports[`filters > getCssFilter with correct blur 2`] = `[]`;

exports[`filters > getCssFilter with incorrect object 1`] = `""`;

exports[`filters > getCssFilter with incorrect object 2`] = `[]`;

exports[`filters > getCssFilter with incorrect object 2 1`] = `""`;

exports[`filters > getCssFilter with incorrect object 2 2`] = `
[
  [
    [Error: Unknown filter],
  ],
]
`;

exports[`filters > getCssFilter with incorrect object 3 1`] = `""`;

exports[`filters > getCssFilter with incorrect object 3 2`] = `
[
  [
    [Error: Unknown filter],
  ],
]
`;

exports[`filters > getCssFilter with incorrect object 4 1`] = `""`;

exports[`filters > getCssFilter with incorrect object 4 2`] = `[]`;
